// Jest Snapshot v1, https://goo.gl/fbAQLP

exports[`VolunteerBoxInfo volunteer snapshot 1`] = `
<Fragment>
  <styles__BackgroundVolunteer />
  <Gridstyles__Container
    mx="auto"
  >
    <Gridstyles__Row
      display="flex"
      flexWrap="wrap"
    >
      <Gridstyles__Column>
        <styles__ContentVolunteer>
          <h2>
            Volunteer
          </h2>
          <p>
            Pride in London is run almost entirely by volunteers. We could use people like you to help us organise the best event that we can.
          </p>
          <Button
            to="https://volunteer.prideinlondon.org"
            variant="primary"
          >
            Help keep Pride going
          </Button>
        </styles__ContentVolunteer>
      </Gridstyles__Column>
    </Gridstyles__Row>
  </Gridstyles__Container>
</Fragment>
`;
