// Jest Snapshot v1, https://goo.gl/fbAQLP

exports[`Checkbox renders 1`] = `
<checkbox__Wrapper>
  <checkbox__Input
    checked={false}
    id="test"
    name="myInput"
    onChange={[Function]}
    type="checkbox"
    value="selected"
  />
  <checkbox__Label
    htmlFor="test"
  >
    hello
  </checkbox__Label>
</checkbox__Wrapper>
`;
