// Jest Snapshot v1, https://goo.gl/fbAQLP

exports[`LatestNewsHeader renders with default values 1`] = `
<styles__Header>
  <styles__Title>
    Latest News
  </styles__Title>
  <styles__HiddeOnlyMobile>
    <CTALink
      to="/news-and-views"
    >
      View all news
    </CTALink>
  </styles__HiddeOnlyMobile>
</styles__Header>
`;
