// Jest Snapshot v1, https://goo.gl/fbAQLP

exports[`ViewsContainer should render with default values 1`] = `
<grid__Container
  mx="auto"
>
  <Row>
    <Column
      width={1}
    >
      <styles__CardContainer>
        <styles__ViewsTitle
          isCentered={true}
          isLight={true}
        >
          Views
        </styles__ViewsTitle>
        <Slider
          arrows={true}
          infinite={true}
          responsive={
            Array [
              Object {
                "breakpoint": 767,
                "settings": Object {
                  "arrows": false,
                  "centerMode": true,
                  "centerPadding": "50px",
                  "slidesToScroll": 1,
                  "slidesToShow": 1,
                },
              },
              Object {
                "breakpoint": 480,
                "settings": Object {
                  "arrows": false,
                  "centerMode": true,
                  "centerPadding": "20px",
                  "slidesToScroll": 1,
                  "slidesToShow": 1,
                },
              },
            ]
          }
          slidesToScroll={1}
          slidesToShow={3}
          speed={500}
        >
          <ViewsCard
            author={
              Object {
                "display_name": Object {
                  "display_name": "Test",
                },
              }
            }
            category="Views"
            datePublished="2019-05-17"
            headerImage={
              Object {
                "file": Object {
                  "url": "src",
                },
              }
            }
            id="1"
            key="1"
            title="test"
          />
          <ViewsCard
            author={
              Object {
                "display_name": Object {
                  "display_name": "Test",
                },
              }
            }
            category="Views"
            datePublished="2019-05-17"
            headerImage={
              Object {
                "file": Object {
                  "url": "src",
                },
              }
            }
            id="2"
            key="2"
            title="test"
          />
        </Slider>
      </styles__CardContainer>
    </Column>
  </Row>
</grid__Container>
`;
