// Jest Snapshot v1, https://goo.gl/fbAQLP

exports[`ViewsContainer should render with default values 1`] = `
<Fragment>
  <styles__Container>
    <Title
      isCentered={true}
      isLight={true}
      theme={
        Object {
          "breakpoints": Array [
            375,
            768,
            1024,
            1440,
          ],
          "colors": Object {
            "amber": "#FFCA00",
            "beachBlue": "#2C77E5",
            "black": "#000000",
            "bondiBlue": "#00A3BD",
            "bronze": "#B59035",
            "darkGrey": "#5B5B5B",
            "darkPurple": "#660C63",
            "electricPurple": "#BC01FF",
            "eucalyptusGreen": "#2CDA9D",
            "fuscia": "#FF88F1",
            "gold": "#FFE16C",
            "green": "#34C30A",
            "greyBlue": "#5770D1",
            "indigo": "#2D2F7F",
            "lemonGreen": "#C3D30E",
            "lightGrey": "#EFEFEF",
            "mediumGrey": "#E1E1E1",
            "pink": "#ED2C6E",
            "red": "#D0021B",
            "silver": "#E0DFDC",
            "skyBlue": "#2ACFFF",
            "tomato": "#FF5B44",
            "white": "#FFFFFF",
            "yellow": "#FFD95E",
          },
          "fonts": Object {
            "body": "Roboto, sans-serif",
            "title": "Poppins, sans-serif",
          },
          "navBreakpoint": 1360,
          "space": Array [
            0,
            5,
            10,
            15,
            20,
          ],
        }
      }
    >
      Views
    </Title>
    <styles__CardContainer />
  </styles__Container>
</Fragment>
`;
