// Jest Snapshot v1, https://goo.gl/fbAQLP

exports[`DonateSection volunteer snapshot 1`] = `
<styles__DonateSectionsWrapper>
  <styles__BackgroundLeft>
    <img
      alt="bg donate"
      src=""
    />
  </styles__BackgroundLeft>
  <styles__BackgroundRight>
    <picture>
      <source
        media="(min-width: 768px)"
        srcSet=""
      />
      <img
        alt="Mobile background"
        src=""
      />
    </picture>
  </styles__BackgroundRight>
  <styles__LayerContent>
    <Gridstyles__Row
      display="flex"
      flexWrap="wrap"
    >
      <styles__HeadDonate>
        Make a single donation
      </styles__HeadDonate>
    </Gridstyles__Row>
    <Gridstyles__Row
      display="flex"
      flexWrap="wrap"
    >
      <DonateButtonsGroup />
    </Gridstyles__Row>
  </styles__LayerContent>
</styles__DonateSectionsWrapper>
`;
