// Jest Snapshot v1, https://goo.gl/fbAQLP

exports[`ViewsCard renders with default values 1`] = `
<styles__Container>
  <styles__ViewsThumbail
    altText="Bob Barker — My view"
    src="foo.bar/baz"
  />
  <styles__ArticleAuthor>
    Bob Barker
  </styles__ArticleAuthor>
  <styles__ArticleTitle>
    <styles__ArticleTitleTextContainer>
      My view
    </styles__ArticleTitleTextContainer>
  </styles__ArticleTitle>
</styles__Container>
`;
