// Jest Snapshot v1, https://goo.gl/fbAQLP

exports[`<CTABox/> renders with default values 1`] = `
<styles__CTAWrapper>
  <grid__Container
    mx="auto"
  >
    <Row
      flexWrap={null}
      ml={null}
      mr={null}
      mx={null}
    >
      <styles__RelativeColumn
        width={1}
      >
        <styles__CTAPanel>
          <styles__CTATitle>
            Title
          </styles__CTATitle>
          <styles__CTABody>
            Lorem Ipsum
          </styles__CTABody>
          <styles__CTAButton
            primary={true}
            to="/"
          >
            Button text
          </styles__CTAButton>
        </styles__CTAPanel>
      </styles__RelativeColumn>
    </Row>
  </grid__Container>
</styles__CTAWrapper>
`;
