// Jest Snapshot v1, https://goo.gl/fbAQLP

exports[`<CookieNotice /> renders and matches snapshot 1`] = `
<Fragment>
  <cookieNotice__CookieWrapper
    hide={true}
  >
    <Gridstyles__Container
      mx="auto"
    >
      <Gridstyles__Row
        display="flex"
      >
        <Gridstyles__Column
          width={
            Array [
              1,
              1,
              0.6,
            ]
          }
        >
          <cookieNotice__CookieText>
            We use cookies to make sure that you have the best experience on our website and to learn how we can make it better for you.
             
            <cookieNotice__CookieLink
              to="/privacy"
            >
              Learn more
            </cookieNotice__CookieLink>
          </cookieNotice__CookieText>
        </Gridstyles__Column>
        <cookieNotice__CookieActions
          width={
            Array [
              1,
              1,
              0.4,
            ]
          }
        >
          <cookieNotice__CookieAgree
            onClick={[Function]}
            role="button"
          >
            Got it
          </cookieNotice__CookieAgree>
        </cookieNotice__CookieActions>
      </Gridstyles__Row>
    </Gridstyles__Container>
  </cookieNotice__CookieWrapper>
</Fragment>
`;
