// Jest Snapshot v1, https://goo.gl/fbAQLP

exports[`<Nav/> renders the component <Nav /> 1`] = `
<styles__HeaderWrapper>
  <styles__Header>
    <styles__FlexRow
      mx={
        Array [
          0,
          0,
          50,
          50,
          90,
        ]
      }
    >
      <styles__FlexColumn
        width={1}
      >
        <styles__LogoWrapper
          to="/"
        >
          <styles__Logo
            alt="Pride in London Logo"
            src=""
          />
        </styles__LogoWrapper>
        <nav
          itemScope="itemscope"
          itemType="http://www.schema.org/SiteNavigationElement"
          role="navigation"
        >
          <styles__Burger
            aria-controls="menu"
            aria-expanded={false}
            isOpen={false}
            onClick={[Function]}
            type="button"
          >
            <span>
              Menu
            </span>
          </styles__Burger>
          <styles__Menu
            id="menu"
            isOpen={false}
          >
            <NavItem
              item={
                Object {
                  "desc": "Find out more about our not-for-profit organisation, run by volunteers passionate about equality and diversity.",
                  "id": "nav-about",
                  "submenu": Array [
                    Object {
                      "heading": "Pride",
                      "links": Array [
                        Object {
                          "title": "Our story",
                          "url": "/about-us",
                        },
                        Object {
                          "title": "Our impact",
                          "url": "/about-us/impact",
                        },
                      ],
                    },
                    Object {
                      "heading": "Campaigns",
                      "links": Array [
                        Object {
                          "title": "Jubilee",
                          "url": "/about-us/campaigns/jubilee",
                        },
                      ],
                    },
                  ],
                  "title": "About",
                  "url": "/",
                }
              }
              setNavOpen={[Function]}
            />
            <NavItem
              item={
                Object {
                  "desc": "Plan your Parade Day where charities, businesses and community groups come together to march for equality.",
                  "id": "nav-parade-day",
                  "submenu": Array [
                    Object {
                      "heading": "Parade",
                      "links": Array [
                        Object {
                          "title": "This year's parade",
                          "url": "/parade",
                        },
                        Object {
                          "title": "Accessibility",
                          "url": "/parade/accessibility",
                        },
                        Object {
                          "title": "Take part",
                          "url": "/parade/take-part",
                        },
                        Object {
                          "title": "Residents and businesses info",
                          "url": "/parade/residents-and-businesses-info",
                        },
                        Object {
                          "title": "Hire a Stall",
                          "url": "/parade/stalls/hire-a-stall",
                        },
                      ],
                    },
                  ],
                  "title": "Parade Day",
                  "url": "/",
                }
              }
              setNavOpen={[Function]}
            />
            <NavItem
              item={
                Object {
                  "desc": "Discover and attend the Pride and LGBT+ events happening all across London.",
                  "id": "nav-events",
                  "submenu": Array [
                    Object {
                      "heading": "Pride Festival",
                      "links": Array [
                        Object {
                          "title": "What's on",
                          "url": "/events",
                        },
                        Object {
                          "title": "Host an event",
                          "url": "/events/host-an-event",
                        },
                        Object {
                          "title": "Download our app",
                          "url": "/app",
                        },
                      ],
                    },
                    Object {
                      "heading": "Pride's Got Talent",
                      "links": Array [
                        Object {
                          "title": "About Pride's Got Talent",
                          "url": "/events/prides-got-talent",
                        },
                        Object {
                          "title": "Audition",
                          "url": "/events/prides-got-talent/audition",
                        },
                      ],
                    },
                  ],
                  "title": "Events",
                  "url": "/",
                }
              }
              setNavOpen={[Function]}
            />
            <NavItem
              item={
                Object {
                  "desc": "If you’re passionate about the LGBT+ community please consider supporting Pride by donating, sponsoring or volunteering.",
                  "id": "nav-support-us",
                  "submenu": Array [
                    Object {
                      "heading": "As an individual",
                      "links": Array [
                        Object {
                          "title": "Volunteer",
                          "url": "/support-us/volunteer",
                        },
                        Object {
                          "title": "Make a donation",
                          "url": "/support-us/donate",
                        },
                        Object {
                          "title": "Buy merchandise",
                          "url": "/support-us/merchandise",
                        },
                        Object {
                          "title": "Work for Pride",
                          "url": "/support-us/jobs",
                        },
                      ],
                    },
                    Object {
                      "heading": "As a business",
                      "links": Array [
                        Object {
                          "title": "Become a partner",
                          "url": "/support-us/partners",
                        },
                        Object {
                          "title": "Pride in the City",
                          "url": "/support-us/pride-in-the-city",
                        },
                      ],
                    },
                  ],
                  "title": "Support us",
                  "url": "/",
                }
              }
              setNavOpen={[Function]}
            />
            <NavItem
              item={
                Object {
                  "id": "nav-visitor-info",
                  "title": "Visitor info",
                  "url": "/visitor-info",
                }
              }
              setNavOpen={[Function]}
            />
            <NavItem
              item={
                Object {
                  "id": "nav-blog",
                  "title": "News and Views",
                  "url": "/news-and-views",
                }
              }
              setNavOpen={[Function]}
            />
            <NavItem
              item={Object {}}
              setNavOpen={[Function]}
            >
              <styles__DonateButton
                fullmobile={true}
                link={true}
                primary={true}
                to="https://donate.prideinlondon.org/"
              >
                Donate
              </styles__DonateButton>
            </NavItem>
          </styles__Menu>
        </nav>
      </styles__FlexColumn>
    </styles__FlexRow>
  </styles__Header>
</styles__HeaderWrapper>
`;
