// Jest Snapshot v1, https://goo.gl/fbAQLP

exports[`Button matches snapshot 1`] = `
<button__StyledButton
  className=""
  disabled={false}
  flexwidth={false}
  fullmobile={false}
  onClick={null}
  primary={false}
  small={false}
  type="button"
  white={false}
  wide={true}
>
  Button
</button__StyledButton>
`;
