// Jest Snapshot v1, https://goo.gl/fbAQLP

exports[`NewsCard renders with default values 1`] = `
<styles__Card>
  <styles__CardHeader>
    <NewsFilter
      filterType={
        Object {
          "hexColour": "#304242",
          "title": "Amazing News!!",
        }
      }
      handleClick={[Function]}
      isButton={false}
      isOutline={false}
    />
    <styles__NewsDate>
      12 Jun 2019
    </styles__NewsDate>
    <CenterDot />
    <styles__ReadLength>
      10 min read
    </styles__ReadLength>
  </styles__CardHeader>
  <styles__CardTitle>
    Here is some news!
  </styles__CardTitle>
</styles__Card>
`;
