// Jest Snapshot v1, https://goo.gl/fbAQLP

exports[`NewsCard renders with default values 1`] = `
<styles__Card>
  <styles__CardHeader>
    <NewsFilter
      filterType="PARTNERS"
      isOutline={true}
    />
    <styles__NewsDate>
      12 Jun 2019
    </styles__NewsDate>
    <CenterDot />
    <styles__ReadLength>
      10 min read
    </styles__ReadLength>
  </styles__CardHeader>
  <styles__CardTitle>
    Pride in London sees record number of parade applications
  </styles__CardTitle>
</styles__Card>
`;
