// Jest Snapshot v1, https://goo.gl/fbAQLP

exports[`DonateSectionHeader volunteer snapshot 1`] = `
<styles__Header>
  <styles__Title>
    Keep Pride free for everyone
  </styles__Title>
  <styles__Description>
    We rely on your support to keep Pride free and accessible to all. Please consider making a small donation to keep our community marching!
  </styles__Description>
</styles__Header>
`;
