// Jest Snapshot v1, https://goo.gl/fbAQLP

exports[`<AnnouncementCard/> renders with default values 1`] = `
<styles__CardAnnouncement
  as="a"
  href="http://google.com"
  rel="noopener noreferrer"
  target="_blank"
>
  <styles__CardImage
    fixed={Object {}}
  />
  <styles__CardTitleWrapper>
    <styles__CardTitle>
      foobar
    </styles__CardTitle>
  </styles__CardTitleWrapper>
</styles__CardAnnouncement>
`;
