// Jest Snapshot v1, https://goo.gl/fbAQLP

exports[`ParadeGroupsContainer should render correctly 1`] = `
<Fragment>
  <styles__ScrollingContainer>
    <styles__LetterContainer>
      <LetterLink
        isDisabled={true}
        key="a"
        letter="a"
      />
      <LetterLink
        isDisabled={true}
        key="b"
        letter="b"
      />
      <LetterLink
        isDisabled={true}
        key="c"
        letter="c"
      />
      <LetterLink
        isDisabled={true}
        key="d"
        letter="d"
      />
      <LetterLink
        isDisabled={true}
        key="e"
        letter="e"
      />
      <LetterLink
        isDisabled={true}
        key="f"
        letter="f"
      />
      <LetterLink
        isDisabled={false}
        key="g"
        letter="g"
      />
      <LetterLink
        isDisabled={true}
        key="h"
        letter="h"
      />
      <LetterLink
        isDisabled={true}
        key="i"
        letter="i"
      />
      <LetterLink
        isDisabled={true}
        key="j"
        letter="j"
      />
      <LetterLink
        isDisabled={true}
        key="k"
        letter="k"
      />
      <LetterLink
        isDisabled={true}
        key="l"
        letter="l"
      />
      <LetterLink
        isDisabled={true}
        key="m"
        letter="m"
      />
      <LetterLink
        isDisabled={true}
        key="n"
        letter="n"
      />
      <LetterLink
        isDisabled={true}
        key="o"
        letter="o"
      />
      <LetterLink
        isDisabled={true}
        key="p"
        letter="p"
      />
      <LetterLink
        isDisabled={true}
        key="q"
        letter="q"
      />
      <LetterLink
        isDisabled={true}
        key="r"
        letter="r"
      />
      <LetterLink
        isDisabled={true}
        key="s"
        letter="s"
      />
      <LetterLink
        isDisabled={true}
        key="t"
        letter="t"
      />
      <LetterLink
        isDisabled={true}
        key="u"
        letter="u"
      />
      <LetterLink
        isDisabled={true}
        key="v"
        letter="v"
      />
      <LetterLink
        isDisabled={true}
        key="w"
        letter="w"
      />
      <LetterLink
        isDisabled={true}
        key="x"
        letter="x"
      />
      <LetterLink
        isDisabled={true}
        key="y"
        letter="y"
      />
      <LetterLink
        isDisabled={true}
        key="z"
        letter="z"
      />
    </styles__LetterContainer>
    <div>
      <LetterGroup
        letter="#"
      />
      <LetterGroup
        letter="g"
      >
        <ParadeGroup
          facebookUrl={null}
          instagramUrl={null}
          name="group 1"
          twitterUrl={null}
          websiteUrl={null}
        />
        <ParadeGroup
          facebookUrl={null}
          instagramUrl={null}
          name="group 2"
          twitterUrl={null}
          websiteUrl={null}
        />
      </LetterGroup>
    </div>
  </styles__ScrollingContainer>
</Fragment>
`;
