// Jest Snapshot v1, https://goo.gl/fbAQLP

exports[`ParadeGroupsContainer should render correctly 1`] = `
<styles__Container>
  <styles__LetterContainer>
    <LetterLink
      isDisabled={false}
      key="a"
      letter="a"
    />
    <LetterLink
      isDisabled={false}
      key="b"
      letter="b"
    />
    <LetterLink
      isDisabled={false}
      key="c"
      letter="c"
    />
    <LetterLink
      isDisabled={false}
      key="d"
      letter="d"
    />
    <LetterLink
      isDisabled={false}
      key="e"
      letter="e"
    />
    <LetterLink
      isDisabled={false}
      key="f"
      letter="f"
    />
    <LetterLink
      isDisabled={false}
      key="g"
      letter="g"
    />
    <LetterLink
      isDisabled={false}
      key="h"
      letter="h"
    />
    <LetterLink
      isDisabled={false}
      key="i"
      letter="i"
    />
    <LetterLink
      isDisabled={false}
      key="j"
      letter="j"
    />
    <LetterLink
      isDisabled={false}
      key="k"
      letter="k"
    />
    <LetterLink
      isDisabled={false}
      key="l"
      letter="l"
    />
    <LetterLink
      isDisabled={false}
      key="m"
      letter="m"
    />
    <LetterLink
      isDisabled={false}
      key="n"
      letter="n"
    />
    <LetterLink
      isDisabled={false}
      key="o"
      letter="o"
    />
    <LetterLink
      isDisabled={false}
      key="p"
      letter="p"
    />
    <LetterLink
      isDisabled={false}
      key="q"
      letter="q"
    />
    <LetterLink
      isDisabled={false}
      key="r"
      letter="r"
    />
    <LetterLink
      isDisabled={false}
      key="s"
      letter="s"
    />
    <LetterLink
      isDisabled={false}
      key="t"
      letter="t"
    />
    <LetterLink
      isDisabled={false}
      key="u"
      letter="u"
    />
    <LetterLink
      isDisabled={false}
      key="v"
      letter="v"
    />
    <LetterLink
      isDisabled={false}
      key="w"
      letter="w"
    />
    <LetterLink
      isDisabled={false}
      key="x"
      letter="x"
    />
    <LetterLink
      isDisabled={false}
      key="w"
      letter="w"
    />
    <LetterLink
      isDisabled={false}
      key="y"
      letter="y"
    />
    <LetterLink
      isDisabled={false}
      key="z"
      letter="z"
    />
  </styles__LetterContainer>
  <p
    key="group 1"
  >
    group 1
  </p>
  <p
    key="group 2"
  >
    group 2
  </p>
</styles__Container>
`;
