// Jest Snapshot v1, https://goo.gl/fbAQLP

exports[`PageHeader renders with default values 1`] = `
<Fragment>
  <HelmetWrapper
    defer={true}
    encodeSpecialCharacters={true}
    title="Title"
  />
  <styles__Background
    fixed={
      Object {
        "file": Object {
          "url": "backgroundimageurl/image.png",
        },
      }
    }
  >
    <styles__BackgroundImage
      aria-hidden="true"
      objectFit="cover"
      objectPosition="50% 50%"
      role="presentation"
    />
  </styles__Background>
</Fragment>
`;
