// Jest Snapshot v1, https://goo.gl/fbAQLP

exports[`LatestNews renders with default values 1`] = `
<styles__Bacground
  backgroundImage="backgroundimageurl/image.png"
>
  <styles__LatestNewsCardContainer>
    <LatestNewsCard
      readLength=""
      title="Here is some news!"
    />
  </styles__LatestNewsCardContainer>
</styles__Bacground>
`;
