// Jest Snapshot v1, https://goo.gl/fbAQLP

exports[`LatestNews renders with default values 1`] = `
<styles__Background
  backgroundImage="backgroundimageurl/image.png"
>
  <styles__LatestNewsCardContainer>
    <styles__NewsCard
      category={
        Object {
          "hexColour": "#304242",
          "title": "Amazing News!!",
        }
      }
      datePublished="2019-03-28T20:30+00:00"
      readTime=""
      title="Here is some news!"
    />
  </styles__LatestNewsCardContainer>
</styles__Background>
`;
