// Jest Snapshot v1, https://goo.gl/fbAQLP

exports[`The FlexColumn component Snapshot 1`] = `
<StyledComponent
  animation={false}
  display={
    Object {
      "default": "block",
      "md": "flex",
    }
  }
  forwardedComponent={
    Object {
      "$$typeof": Symbol(react.forward_ref),
      "_foldedDefaultProps": Object {
        "display": Object {
          "default": "block",
          "md": "flex",
        },
        "padding": Object {
          "default": "10px 5px",
          "lg": "10px 15px",
          "sm": "10px",
        },
      },
      "attrs": Array [],
      "componentStyle": ComponentStyle {
        "componentId": "Gridstyles__AnimatedFlexColumn-jfdl1j-4",
        "isStatic": false,
        "rules": Array [
          [Function],
        ],
      },
      "displayName": "Gridstyles__AnimatedFlexColumn",
      "foldedComponentIds": Array [],
      "render": [Function],
      "styledComponentId": "Gridstyles__AnimatedFlexColumn-jfdl1j-4",
      "target": "div",
      "toString": [Function],
      "warnTooManyClasses": [Function],
      "withComponent": [Function],
    }
  }
  forwardedRef={null}
  padding={
    Object {
      "default": "10px 5px",
      "lg": "10px 15px",
      "sm": "10px",
    }
  }
>
  <p>
    Testing
  </p>
</StyledComponent>
`;
