// Jest Snapshot v1, https://goo.gl/fbAQLP

exports[`AnnouncementHeader renders with default values 1`] = `
<styles__Header>
  <styles__Head>
    Announcements
  </styles__Head>
  <styles__Title>
    Check out the latest updates from the Pride in London team.
  </styles__Title>
</styles__Header>
`;
