// Jest Snapshot v1, https://goo.gl/fbAQLP

exports[`BlogFooter renders with default values 1`] = `
<styles__BlogFooterContainer>
  <hr />
  <styles__Summary>
    <Author
      author={Object {}}
    />
    <styles__FlexDiv>
      <styles__ShareText>
        Share this post
      </styles__ShareText>
      <SocialMediaList />
    </styles__FlexDiv>
  </styles__Summary>
  <styles__NoteToEditor>
    <blogFooter__StyledInput
      id="noteToEditor"
      label="Note to editors"
      type="text"
    />
  </styles__NoteToEditor>
</styles__BlogFooterContainer>
`;
