// Jest Snapshot v1, https://goo.gl/fbAQLP

exports[`ParadeGroup given correct props should render as expected 1`] = `
<styles__RowContainer>
  <styles__TitleContainer>
    My parade group
  </styles__TitleContainer>
  <styles__IconContainer>
    <a
      href="mailto:foo@foo.com"
      rel="noopener noreferrer"
      target="_blank"
    >
      <MailIcon
        fill="#2D2F7F"
        height={24}
        width={24}
      />
    </a>
    <a
      href="https://www.group.com"
      rel="noopener noreferrer"
      target="_blank"
    >
      <Globe
        fill="#2D2F7F"
        height={24}
        width={24}
      />
    </a>
    <a
      href="https://facebook.com/2j2j"
      rel="noopener noreferrer"
      target="_blank"
    >
      <Facebook
        fill="#2D2F7F"
        height={24}
        width={24}
      />
    </a>
    <a
      href="https://twitter.com/twitter.co/foo"
      rel="noopener noreferrer"
      target="_blank"
    >
      <Twitter
        fill="#2D2F7F"
        height={24}
        width={24}
      />
    </a>
    <a
      href="https://instagram.com/instagram.com/1234"
      rel="noopener noreferrer"
      target="_blank"
    >
      <Instagram
        fill="#2D2F7F"
        height={24}
        width={24}
      />
    </a>
  </styles__IconContainer>
</styles__RowContainer>
`;
