// Jest Snapshot v1, https://goo.gl/fbAQLP

exports[`<Nav/> renders and matches snapshot 1`] = `
<nav__HeaderWrapper>
  <nav__Header>
    <nav__FlexRow
      mx={
        Array [
          0,
          0,
          50,
          50,
          90,
        ]
      }
    >
      <nav__FlexColumn
        width={1}
      >
        <nav__LogoWrapper
          to="/"
        >
          <nav__Logo
            alt="Pride in London Logo"
            src=""
          />
        </nav__LogoWrapper>
        <nav
          itemScope="itemscope"
          itemType="http://www.schema.org/SiteNavigationElement"
          role="navigation"
        >
          <nav__Burger
            aria-controls="menu"
            aria-expanded={false}
            isOpen={false}
            onClick={[Function]}
            type="button"
          >
            <span>
              Menu
            </span>
          </nav__Burger>
          <nav__Menu
            id="menu"
            isOpen={false}
          >
            <NavItem
              item={
                Object {
                  "desc": "Cupcake ipsum dolor sit. Amet dragée chocolate donut. Jelly-o chupa chups liquorice chocolate.",
                  "id": "nav-about",
                  "submenu": Array [
                    Object {
                      "links": Array [
                        Object {
                          "title": "Our mission",
                          "url": "/",
                        },
                        Object {
                          "title": "A history of Pride",
                          "url": "/",
                        },
                        Object {
                          "title": "Campaign",
                          "url": "/",
                        },
                        Object {
                          "title": "Our impact",
                          "url": "/",
                        },
                      ],
                    },
                  ],
                  "title": "About",
                  "url": "/",
                }
              }
            />
            <NavItem
              item={
                Object {
                  "desc": "Cupcake ipsum dolor sit. Amet dragée chocolate donut. Jelly-o chupa chups liquorice chocolate.",
                  "id": "nav-parade-day",
                  "submenu": Array [
                    Object {
                      "heading": "Parade",
                      "links": Array [
                        Object {
                          "title": "Watch the parade",
                          "url": "/",
                        },
                        Object {
                          "title": "Parade groups",
                          "url": "/",
                        },
                      ],
                    },
                    Object {
                      "heading": "Stages",
                      "links": Array [
                        Object {
                          "title": "Cabaret stage",
                          "url": "/",
                        },
                        Object {
                          "title": "Trafalgar Square",
                          "url": "/",
                        },
                        Object {
                          "title": "Women's stage",
                          "url": "/",
                        },
                        Object {
                          "title": "World stage",
                          "url": "/",
                        },
                      ],
                    },
                    Object {
                      "heading": "Community Village",
                      "links": Array [
                        Object {
                          "title": "Stalls",
                          "url": "/",
                        },
                      ],
                    },
                  ],
                  "title": "Parade Day",
                  "url": "/",
                }
              }
            />
            <NavItem
              item={
                Object {
                  "desc": "Cupcake ipsum dolor sit. Amet dragée chocolate donut. Jelly-o chupa chups liquorice chocolate.",
                  "id": "nav-events",
                  "submenu": Array [
                    Object {
                      "heading": "What's on",
                      "links": Array [
                        Object {
                          "title": "Upcoming events",
                          "url": "/",
                        },
                        Object {
                          "title": "Host an event",
                          "url": "/",
                        },
                      ],
                    },
                    Object {
                      "heading": "Pride's Got Talent",
                      "links": Array [
                        Object {
                          "title": "This year's competition",
                          "url": "/",
                        },
                        Object {
                          "title": "How to take part",
                          "url": "/",
                        },
                        Object {
                          "title": "Hall of fame",
                          "url": "/",
                        },
                      ],
                    },
                  ],
                  "title": "Events",
                  "url": "/",
                }
              }
            />
            <NavItem
              item={
                Object {
                  "desc": "Cupcake ipsum dolor sit. Amet dragée chocolate donut. Jelly-o chupa chups liquorice chocolate.",
                  "id": "nav-support-us",
                  "submenu": Array [
                    Object {
                      "heading": "As an individual",
                      "links": Array [
                        Object {
                          "title": "Volunteer",
                          "url": "/",
                        },
                        Object {
                          "title": "Make a donation",
                          "url": "/",
                        },
                        Object {
                          "title": "Buy merchandise",
                          "url": "/",
                        },
                      ],
                    },
                    Object {
                      "heading": "As a business",
                      "links": Array [
                        Object {
                          "title": "Partner with us",
                          "url": "/",
                        },
                      ],
                    },
                    Object {
                      "heading": "As an MP",
                      "links": Array [
                        Object {
                          "title": "Sign the poilitical pledge",
                          "url": "/",
                        },
                      ],
                    },
                  ],
                  "title": "Support us",
                  "url": "/",
                }
              }
            />
            <NavItem
              item={Object {}}
            >
              <nav__DonateButton
                fullmobile={true}
                link={true}
                primary={true}
                to="https://prideinlondon.org/donate/"
              >
                Donate
              </nav__DonateButton>
            </NavItem>
          </nav__Menu>
        </nav>
      </nav__FlexColumn>
    </nav__FlexRow>
  </nav__Header>
</nav__HeaderWrapper>
`;
