// Jest Snapshot v1, https://goo.gl/fbAQLP

exports[`<Nav/> renders and matches snapshot 1`] = `
<styled.div>
  <styled.header>
    <Styled(Row)
      mx={
        Array [
          0,
          0,
          50,
          50,
          90,
        ]
      }
    >
      <Styled(Column)
        width={1}
      >
        <Styled(Component)
          to="/events"
        >
          <styled.img
            alt="Pride in London Logo"
            src=""
          />
        </Styled(Component)>
        <nav
          role="navigation"
        >
          <styled.button
            aria-controls="menu"
            aria-expanded={false}
            isOpen={false}
            onClick={[Function]}
            type="button"
          >
            <span>
              Menu
            </span>
          </styled.button>
          <styled.ul
            id="menu"
            isOpen={false}
          >
            <NavItem
              item={
                Object {
                  "desc": "Cupcake ipsum dolor sit. Amet dragée chocolate donut. Jelly-o chupa chups liquorice chocolate.",
                  "id": "nav-learn",
                  "submenu": Array [
                    Object {
                      "heading": "Jelly-o chupa chups",
                      "links": Array [
                        Object {
                          "title": "Cupcake ipsum dolor sit",
                          "url": "/",
                        },
                        Object {
                          "title": "Cupcake ipsum sit",
                          "url": "/",
                        },
                        Object {
                          "title": "Cupcake dolor sit",
                          "url": "/",
                        },
                        Object {
                          "title": "Cupcake ipsum dolor",
                          "url": "/",
                        },
                      ],
                    },
                    Object {
                      "heading": "Icing gummi bears powder",
                      "links": Array [
                        Object {
                          "title": "Amet dragée donut",
                          "url": "/",
                        },
                        Object {
                          "title": "Amet dragée chocolate donut",
                          "url": "/",
                        },
                      ],
                    },
                    Object {
                      "heading": "Bear claw pastry bonbon",
                      "links": Array [
                        Object {
                          "title": "Carrot cake fruitcake",
                          "url": "/",
                        },
                        Object {
                          "title": "Carrot cake muffin fruitcake",
                          "url": "/",
                        },
                      ],
                    },
                  ],
                  "title": "Learn",
                  "url": "/",
                }
              }
            />
            <NavItem
              item={
                Object {
                  "desc": "Cupcake ipsum dolor sit. Amet dragée chocolate donut. Jelly-o chupa chups liquorice chocolate.",
                  "id": "nav-attend",
                  "submenu": Array [
                    Object {
                      "heading": "Jelly beans sesame snaps",
                      "links": Array [
                        Object {
                          "title": "Cotton candy dragée",
                          "url": "/",
                        },
                        Object {
                          "title": "Dragée oat cake",
                          "url": "/",
                        },
                      ],
                    },
                  ],
                  "title": "Attend",
                  "url": "/",
                }
              }
            />
            <NavItem
              item={Object {}}
            >
              <Styled(Button)
                fullmobile={true}
                link={true}
                primary={true}
                to="https://prideinlondon.org/donate/"
              >
                Donate
              </Styled(Button)>
            </NavItem>
          </styled.ul>
        </nav>
      </Styled(Column)>
    </Styled(Row)>
  </styled.header>
</styled.div>
`;
