// Jest Snapshot v1, https://goo.gl/fbAQLP

exports[`Image renders when given props 1`] = `
<Fragment>
  <ImageGallery
    additionalClass="custom-gallery"
    autoPlay={false}
    disableArrowKeys={false}
    disableSwipe={false}
    disableThumbnailScroll={false}
    flickThreshold={0.4}
    indexSeparator=" / "
    infinite={true}
    isRTL={false}
    items={
      Array [
        Object {
          "description": "Test 1 Description",
          "name": "Test 1",
          "original": "foo",
          "originalAlt": "test-image",
          "thumbnail": "foo",
          "thumbnailAlt": "test-image",
        },
        Object {
          "description": null,
          "name": "Test 2",
          "original": "foo",
          "originalAlt": "test-2-image",
          "thumbnail": "foo",
          "thumbnailAlt": "test-2-image",
        },
      ]
    }
    lazyLoad={true}
    onSlide={[Function]}
    preventDefaultTouchmoveEvent={false}
    renderFullscreenButton={[Function]}
    renderLeftNav={[Function]}
    renderPlayPauseButton={[Function]}
    renderRightNav={[Function]}
    showBullets={false}
    showFullscreenButton={true}
    showIndex={false}
    showNav={true}
    showPlayButton={false}
    showThumbnails={true}
    slideDuration={450}
    slideInterval={3000}
    startIndex={0}
    stopPropagation={false}
    swipeThreshold={30}
    swipingTransitionDuration={0}
    thumbnailPosition="top"
    useBrowserFullscreen={true}
    useTranslate3D={true}
  />
  <p>
    Test 1 Description
  </p>
</Fragment>
`;
