// Jest Snapshot v1, https://goo.gl/fbAQLP

exports[`OtherArticles renders with default values 1`] = `
<styles__Container>
  <Row>
    <grid__FlexColumn
      width={
        Array [
          1,
          1,
          1,
          1,
        ]
      }
    >
      <OtherArticlesHeader />
    </grid__FlexColumn>
  </Row>
  <Row />
</styles__Container>
`;
