// Jest Snapshot v1, https://goo.gl/fbAQLP

exports[`OtherArticles renders with default values 1`] = `
<styles__Container>
  <Gridstyles__Row
    display="flex"
    flexWrap="wrap"
  >
    <Gridstyles__FlexColumn
      width={
        Array [
          1,
          1,
          1,
          1,
        ]
      }
    >
      <OtherArticlesHeader />
    </Gridstyles__FlexColumn>
  </Gridstyles__Row>
  <Gridstyles__Row
    display="flex"
    flexWrap="wrap"
  />
</styles__Container>
`;
