// Jest Snapshot v1, https://goo.gl/fbAQLP

exports[`OtherArticles renders with default values 1`] = `
<styles__Container>
  <Row
    flexWrap={null}
    ml={null}
    mr={null}
    mx={null}
  >
    <FlexColumn
      animation={false}
      width={
        Array [
          1,
          1,
          1,
          1,
        ]
      }
    >
      <OtherArticlesHeader />
    </FlexColumn>
  </Row>
  <Row
    flexWrap={null}
    ml={null}
    mr={null}
    mx={null}
  />
</styles__Container>
`;
