// Jest Snapshot v1, https://goo.gl/fbAQLP

exports[`Featured Event Content renders with default values 1`] = `
<StyledComponent
  forwardedComponent={
    Object {
      "$$typeof": Symbol(react.forward_ref),
      "attrs": Array [],
      "componentStyle": ComponentStyle {
        "componentId": "styles__FeaturedEventContent-sc-1f4g5jt-0",
        "isStatic": true,
        "rules": Array [
          ".slick-list{overflow:visible;}.slick-track{display:flex;.slick-slide{display:flex;height:auto;& > div{height:100%;width:100%;& > div{height:100%;& > a{height:100%;}}}}}",
          "@media (min-width:",
          "768",
          "px){",
          "
    .slick-list {
      overflow: hidden;
    }
  ",
          ";}",
          ";",
          "@media (max-width:",
          "767",
          "px){",
          "
    .slick-list {
      padding-left: 10px !important;
    }
  ",
          ";}",
          ";.slick-prev{width:60px;height:60px;border-radius:4px;background-color:",
          "#FFFFFF",
          ";position:absolute;top:50%;left:-70px;background:url(",
          ") ",
          "#FFFFFF",
          " 50% 50% no-repeat;transform:translate(0,-50%);&:before{content:none;}&:hover,&:focus{background:url(",
          ") ",
          "#FFFFFF",
          " 50% 50% no-repeat;}}.slick-next{width:60px;height:60px;border-radius:4px;background-color:",
          "#FFFFFF",
          ";position:absolute;top:50%;right:-70px;background:url(",
          ") ",
          "#FFFFFF",
          " 50% 50% no-repeat;transform:translate(0,-50%);&:before{content:none;}&:hover,&:focus{background:url(",
          ") ",
          "#FFFFFF",
          " 50% 50% no-repeat;}}",
        ],
      },
      "displayName": "styles__FeaturedEventContent",
      "foldedComponentIds": Array [],
      "render": [Function],
      "styledComponentId": "styles__FeaturedEventContent-sc-1f4g5jt-0",
      "target": "div",
      "toString": [Function],
      "warnTooManyClasses": [Function],
      "withComponent": [Function],
    }
  }
  forwardedRef={null}
/>
`;

exports[`FeaturedEvents renders with default values 1`] = `
<ContextConsumer>
  <Component />
</ContextConsumer>
`;
