// Jest Snapshot v1, https://goo.gl/fbAQLP

exports[`BlogHeader renders with default values 1`] = `
<styles__BlogHeaderContainer>
  <styles__Title>
    Title
  </styles__Title>
  <styles__SubHeader>
    <styles__FlexDiv>
      <styles__NewsCategory
        backgroundColor="orange"
      >
        Reseaarch
      </styles__NewsCategory>
      <span>
        <NewsDate
          date="2019-03-28T20:30+00:00"
        />
      </span>
    </styles__FlexDiv>
    <styles__FlexDiv>
      <styles__ShareText>
        Share this post
      </styles__ShareText>
      <SocialMediaList />
    </styles__FlexDiv>
  </styles__SubHeader>
</styles__BlogHeaderContainer>
`;
