// Jest Snapshot v1, https://goo.gl/fbAQLP

exports[`SocialMediaList renders with default values 1`] = `
<styles__SocialList>
  <styles__SocialItem>
    <styles__SocialLink
      aria-label="Share on Twitter"
      href="https://twitter.com/home?status=http://localhost/"
      rel="noopener noreferrer"
      target="_blank"
    >
      <Twitter
        fill="#2CDA9D"
        height={24}
        width={30}
      />
    </styles__SocialLink>
  </styles__SocialItem>
  <styles__SocialItem>
    <styles__SocialLink
      aria-label="Share on Facebook"
      href="https://www.facebook.com/sharer/sharer.php?u=http://localhost/"
      rel="noopener noreferrer"
      target="_blank"
    >
      <Facebook
        fill="#2CDA9D"
        height={30}
        width={30}
      />
    </styles__SocialLink>
  </styles__SocialItem>
  <styles__SocialItem>
    <styles__SocialLink
      aria-label="Share on LinkedIn"
      href="https://www.linkedin.com/shareArticle?mini=true&url=http://localhost/"
      rel="noopener noreferrer"
      target="_blank"
    >
      <Linkedin
        height={30}
        width={30}
      />
    </styles__SocialLink>
  </styles__SocialItem>
</styles__SocialList>
`;
