// Jest Snapshot v1, https://goo.gl/fbAQLP

exports[`LetterGroup should render with default props 1`] = `
<styles__Wrapper
  id="parade-group-H"
>
  <styles__Heading>
    <h4>
      H
    </h4>
  </styles__Heading>
  <styles__GroupsContainer>
    <p>
      Child
    </p>
  </styles__GroupsContainer>
</styles__Wrapper>
`;
