// Jest Snapshot v1, https://goo.gl/fbAQLP

exports[`<Input/> matches snapshot 1`] = `
<Inputstyles__Field>
  <Inputstyles__StyledInput
    id="InputId"
    onBlur={[Function]}
    onChange={[Function]}
    onFocus={[Function]}
    required={true}
    type="text"
    value=""
  />
  <Inputstyles__Label
    empty={true}
    focused={false}
    htmlFor="InputId"
  >
    Input field
  </Inputstyles__Label>
</Inputstyles__Field>
`;
