// Jest Snapshot v1, https://goo.gl/fbAQLP

exports[`<Gallery/> it should open full screen 1`] = `
.c0 {
  position: relative;
  max-height: 500px;
}

.c2 {
  max-width: 100%;
}

.c1 {
  position: absolute;
  top: 10px;
  left: 10px;
  background-color: white;
  padding: 8px 16px;
  color: #2D2F7F;
  font-family: Poppins;
  font-size: 14px;
}

.c3 {
  position: absolute;
  right: 10px;
  bottom: 10px;
  height: 40px;
  width: 40px;
  background-color: white;
  cursor: pointer;
}

.c3 img {
  width: 100%;
  height: 100%;
  padding: 8px;
  -webkit-transition: all 0.1s ease-in-out;
  transition: all 0.1s ease-in-out;
}

.c3 img:hover {
  padding: 6px;
}

<GalleryImage
  original="foo"
  photoIndex={1}
  totalPhotos={2}
>
  <styles__GalleryImageContainer>
    <StyledComponent
      forwardedComponent={
        Object {
          "$$typeof": Symbol(react.forward_ref),
          "attrs": Array [],
          "componentStyle": ComponentStyle {
            "componentId": "styles__GalleryImageContainer-f9ibpu-0",
            "isStatic": true,
            "lastClassName": "c0",
            "rules": Array [
              "position:relative;max-height:500px;",
            ],
          },
          "displayName": "styles__GalleryImageContainer",
          "foldedComponentIds": Array [],
          "render": [Function],
          "styledComponentId": "styles__GalleryImageContainer-f9ibpu-0",
          "target": "div",
          "toString": [Function],
          "warnTooManyClasses": [Function],
          "withComponent": [Function],
        }
      }
      forwardedRef={null}
    >
      <div
        className="c0"
      >
        <styles__ImageCounter>
          <StyledComponent
            forwardedComponent={
              Object {
                "$$typeof": Symbol(react.forward_ref),
                "attrs": Array [],
                "componentStyle": ComponentStyle {
                  "componentId": "styles__ImageCounter-f9ibpu-2",
                  "isStatic": true,
                  "lastClassName": "c1",
                  "rules": Array [
                    "position:absolute;top:10px;left:10px;background-color:white;padding:8px 16px;color:",
                    "#2D2F7F",
                    ";font-family:Poppins;font-size:14px;",
                  ],
                },
                "displayName": "styles__ImageCounter",
                "foldedComponentIds": Array [],
                "render": [Function],
                "styledComponentId": "styles__ImageCounter-f9ibpu-2",
                "target": "div",
                "toString": [Function],
                "warnTooManyClasses": [Function],
                "withComponent": [Function],
              }
            }
            forwardedRef={null}
          >
            <div
              className="c1"
            >
              <b>
                1
              </b>
               / 
              2
            </div>
          </StyledComponent>
        </styles__ImageCounter>
        <styles__GalleryImg
          src="foo"
        >
          <StyledComponent
            forwardedComponent={
              Object {
                "$$typeof": Symbol(react.forward_ref),
                "attrs": Array [],
                "componentStyle": ComponentStyle {
                  "componentId": "styles__GalleryImg-f9ibpu-1",
                  "isStatic": true,
                  "lastClassName": "c2",
                  "rules": Array [
                    "max-width:100%;",
                  ],
                },
                "displayName": "styles__GalleryImg",
                "foldedComponentIds": Array [],
                "render": [Function],
                "styledComponentId": "styles__GalleryImg-f9ibpu-1",
                "target": "img",
                "toString": [Function],
                "warnTooManyClasses": [Function],
                "withComponent": [Function],
              }
            }
            forwardedRef={
              Object {
                "current": .c0 {
  max-width: 100%;
}

<img
                  class="c0"
                  src="foo"
                />,
              }
            }
            src="foo"
          >
            <img
              className="c2"
              src="foo"
            />
          </StyledComponent>
        </styles__GalleryImg>
        <styles__FullScreenButton
          onClick={[Function]}
        >
          <StyledComponent
            forwardedComponent={
              Object {
                "$$typeof": Symbol(react.forward_ref),
                "attrs": Array [],
                "componentStyle": ComponentStyle {
                  "componentId": "styles__FullScreenButton-f9ibpu-3",
                  "isStatic": true,
                  "lastClassName": "c3",
                  "rules": Array [
                    "position:absolute;right:10px;bottom:10px;height:40px;width:40px;background-color:white;cursor:pointer;& img{width:100%;height:100%;padding:8px;transition:all 0.1s ease-in-out;&:hover{padding:6px;}}",
                  ],
                },
                "displayName": "styles__FullScreenButton",
                "foldedComponentIds": Array [],
                "render": [Function],
                "styledComponentId": "styles__FullScreenButton-f9ibpu-3",
                "target": "a",
                "toString": [Function],
                "warnTooManyClasses": [Function],
                "withComponent": [Function],
              }
            }
            forwardedRef={null}
            onClick={[Function]}
          >
            <a
              className="c3"
              onClick={[Function]}
            >
              <img
                alt="full-screen"
                src=""
              />
            </a>
          </StyledComponent>
        </styles__FullScreenButton>
      </div>
    </StyledComponent>
  </styles__GalleryImageContainer>
</GalleryImage>
`;

exports[`<Gallery/> should render and match snapshot 1`] = `
<styles__GalleryImageContainer>
  <styles__ImageCounter>
    <b>
      1
    </b>
     / 
    2
  </styles__ImageCounter>
  <styles__GalleryImg
    src="foo"
  />
  <styles__FullScreenButton
    onClick={[Function]}
  >
    <img
      alt="full-screen"
      src=""
    />
  </styles__FullScreenButton>
</styles__GalleryImageContainer>
`;
