// Jest Snapshot v1, https://goo.gl/fbAQLP

exports[`The Events You May Like component should matchsnapshot 1`] = `
<eventsYouMayLike__GreyWrapper>
  <eventsYouMayLike__StyledContainer
    mx="auto"
  >
    <eventsYouMayLike__HeadingRow
      display="flex"
      flexWrap="wrap"
    >
      <eventsYouMayLike__Heading>
        You may also like
      </eventsYouMayLike__Heading>
      <eventsYouMayLike__ViewAll
        href="/events"
      >
        View all
        <eventsYouMayLike__DesktopOnly>
           events
        </eventsYouMayLike__DesktopOnly>
         
        <ChevronRight />
      </eventsYouMayLike__ViewAll>
    </eventsYouMayLike__HeadingRow>
    <Gridstyles__Row
      display="flex"
      flexWrap="wrap"
    >
      <eventsYouMayLike__FlexColumn
        key="123"
        width={
          Object {
            "default": 1,
            "lg": 0.3333,
            "sm": 0.5,
          }
        }
      >
        <EventListingCard
          event={
            Object {
              "eventsListPicture": Object {
                "file": Object {
                  "url": "123123",
                },
              },
              "id": "123",
              "startTime": "2035-06-02T13:30+01:00",
            }
          }
          variant="column"
        />
      </eventsYouMayLike__FlexColumn>
    </Gridstyles__Row>
  </eventsYouMayLike__StyledContainer>
</eventsYouMayLike__GreyWrapper>
`;
