// Jest Snapshot v1, https://goo.gl/fbAQLP

exports[`EventShareSection render correctly 1`] = `
<eventShareSection__ShareList>
  <eventShareSection__ShareText>
    Share
  </eventShareSection__ShareText>
  <eventShareSection__ShareLink
    href="mailto:?subject=Test%20event%20name&body=I'm%20heading%20to%20Test%20event%20name%20on%20Fri%202%20Jun%20at%202%3A30pm.%20Join%20me!%0A%0AFind%20out%20more%20here%3A%0Ahttps%3A%2F%2Ffoo.com"
    rel="noopener noreferrer"
    target="_blank"
  >
    <Email
      fill="#2D2F7F"
      height={25}
      width={25}
    />
  </eventShareSection__ShareLink>
  <eventShareSection__ShareLink
    href="https://twitter.com/home?status=I'm%20heading%20to%20Test%20event%20name%20on%20Fri%202%20Jun%20at%202%3A30pm.%20Join%20me!%0A%0AFind%20out%20more%20here%3A%0Ahttps%3A%2F%2Ffoo.com"
    rel="noopener noreferrer"
    target="_blank"
  >
    <Twitter
      fill="#2D2F7F"
      height={25}
      width={25}
    />
  </eventShareSection__ShareLink>
  <eventShareSection__ShareLink
    href="https://www.facebook.com/sharer/sharer.php?u=https%3A%2F%2Ffoo.com"
    rel="noopener noreferrer"
    target="_blank"
  >
    <Facebook
      fill="#2D2F7F"
      height={25}
      width={25}
    />
  </eventShareSection__ShareLink>
  <eventShareSection__ShareLink
    href="https://www.linkedin.com/shareArticle?url=https%3A%2F%2Ffoo.com&title=Test%20event%20name&summary=I'm%20heading%20to%20Test%20event%20name%20on%20Fri%202%20Jun%20at%202%3A30pm.%20Join%20me!%0A%0AFind%20out%20more%20here%3A%0Ahttps%3A%2F%2Ffoo.com&source=prideinlondon.org"
    rel="noopener noreferrer"
    target="_blank"
  >
    <Linkedin
      fill="#2D2F7F"
      height={25}
      width={25}
    />
  </eventShareSection__ShareLink>
</eventShareSection__ShareList>
`;

exports[`EventShareSection render correctly with FB ID 1`] = `
<eventShareSection__ShareList>
  <eventShareSection__ShareText>
    Share
  </eventShareSection__ShareText>
  <eventShareSection__ShareLink
    href="mailto:?subject=Test%20event%20name&body=I'm%20heading%20to%20Test%20event%20name%20on%20Fri%202%20Jun%20at%202%3A30pm.%20Join%20me!%0A%0AFind%20out%20more%20here%3A%0Ahttps%3A%2F%2Ffoo.com"
    rel="noopener noreferrer"
    target="_blank"
  >
    <Email
      fill="#2D2F7F"
      height={25}
      width={25}
    />
  </eventShareSection__ShareLink>
  <eventShareSection__ShareLink
    href="https://twitter.com/home?status=I'm%20heading%20to%20Test%20event%20name%20on%20Fri%202%20Jun%20at%202%3A30pm.%20Join%20me!%0A%0AFind%20out%20more%20here%3A%0Ahttps%3A%2F%2Ffoo.com"
    rel="noopener noreferrer"
    target="_blank"
  >
    <Twitter
      fill="#2D2F7F"
      height={25}
      width={25}
    />
  </eventShareSection__ShareLink>
  <eventShareSection__ShareLink
    href="https://www.facebook.com/sharer/sharer.php?u=https%3A%2F%2Ffoo.com"
    rel="noopener noreferrer"
    target="_blank"
  >
    <Facebook
      fill="#2D2F7F"
      height={25}
      width={25}
    />
  </eventShareSection__ShareLink>
  <eventShareSection__ShareLink
    href="https://www.linkedin.com/shareArticle?url=https%3A%2F%2Ffoo.com&title=Test%20event%20name&summary=I'm%20heading%20to%20Test%20event%20name%20on%20Fri%202%20Jun%20at%202%3A30pm.%20Join%20me!%0A%0AFind%20out%20more%20here%3A%0Ahttps%3A%2F%2Ffoo.com&source=prideinlondon.org"
    rel="noopener noreferrer"
    target="_blank"
  >
    <Linkedin
      fill="#2D2F7F"
      height={25}
      width={25}
    />
  </eventShareSection__ShareLink>
</eventShareSection__ShareList>
`;
